[debug] [2026-06-02T14:39:57.933Z] ----------------------------------------------------------------------
[debug] [2026-06-02T14:39:57.937Z] Command:       C:\Program Files\nodejs\node.exe C:\Users\Justin\AppData\Roaming\npm\node_modules\firebase-tools\lib\bin\firebase.js init emulators
[debug] [2026-06-02T14:39:57.937Z] CLI Version:   15.19.0
[debug] [2026-06-02T14:39:57.937Z] Platform:      win32
[debug] [2026-06-02T14:39:57.938Z] Node Version:  v22.14.0
[debug] [2026-06-02T14:39:57.938Z] Time:          Tue Jun 02 2026 22:39:57 GMT+0800 (Philippine Standard Time)
[debug] [2026-06-02T14:39:57.938Z] ----------------------------------------------------------------------
[debug] 
[info] 
     ######## #### ########  ######## ########     ###     ######  ########
     ##        ##  ##     ## ##       ##     ##  ##   ##  ##       ##
     ######    ##  ########  ######   ########  #########  ######  ######
     ##        ##  ##    ##  ##       ##     ## ##     ##       ## ##
     ##       #### ##     ## ######## ########  ##     ##  ######  ########

You're about to initialize a Firebase project in this directory:

  C:\Chraltsha\Workout-App\FitFussion

Before we get started, keep in mind:

  * You are currently outside your home directory
  * You are initializing within an existing Firebase project directory

[info] 
=== Project Setup
[info] 
[info] First, let's associate this project directory with a Firebase project.
[info] You can create multiple project aliases by running firebase use --add, 
[info] 
[debug] [2026-06-02T14:40:02.107Z] > command requires scopes: ["email","openid","https://www.googleapis.com/auth/cloudplatformprojects.readonly","https://www.googleapis.com/auth/firebase","https://www.googleapis.com/auth/cloud-platform"]
[debug] [2026-06-02T14:40:02.107Z] > authorizing via signed-in user (justinkennethco@gmail.com)
[debug] [2026-06-02T14:40:02.110Z] Checked if tokens are valid: true, expires at: 1780414576443
[debug] [2026-06-02T14:40:02.110Z] Checked if tokens are valid: true, expires at: 1780414576443
[debug] [2026-06-02T14:40:02.112Z] >>> [apiv2][query] GET https://firebase.googleapis.com/v1beta1/projects/workoutapp-ff6ec [none]
[debug] [2026-06-02T14:40:02.795Z] <<< [apiv2][status] GET https://firebase.googleapis.com/v1beta1/projects/workoutapp-ff6ec 200
[debug] [2026-06-02T14:40:02.795Z] <<< [apiv2][body] GET https://firebase.googleapis.com/v1beta1/projects/workoutapp-ff6ec {"projectId":"workoutapp-ff6ec","projectNumber":"363849530629","displayName":"WorkoutApp","name":"projects/workoutapp-ff6ec","resources":{"hostingSite":"workoutapp-ff6ec"},"state":"ACTIVE","etag":"1_ed34b0cb-ffff-4149-864e-c68e288b4906"}
[info] i  Using project workoutapp-ff6ec (WorkoutApp) . 
[info] 
=== Emulators Setup
[info] i  firestore: downloading cloud-firestore-emulator-v1.21.0.jar... {"metadata":{"emulator":{"name":"firestore"},"message":"downloading cloud-firestore-emulator-v1.21.0.jar..."}}
[debug] [2026-06-02T14:40:31.478Z] >>> [apiv2][query] GET https://storage.googleapis.com/firebase-preview-drop/emulator/cloud-firestore-emulator-v1.21.0.jar 
[debug] [2026-06-02T14:40:31.968Z] <<< [apiv2][status] GET https://storage.googleapis.com/firebase-preview-drop/emulator/cloud-firestore-emulator-v1.21.0.jar 200
[debug] [2026-06-02T14:40:31.968Z] <<< [apiv2][body] GET https://storage.googleapis.com/firebase-preview-drop/emulator/cloud-firestore-emulator-v1.21.0.jar [stream]
[info] i  ui: downloading ui-v1.15.0.zip... {"metadata":{"emulator":{"name":"ui"},"message":"downloading ui-v1.15.0.zip..."}}
[debug] [2026-06-02T14:40:47.805Z] >>> [apiv2][query] GET https://storage.googleapis.com/firebase-preview-drop/emulator/ui-v1.15.0.zip 
[info] 
=== Agent Skills Setup
[info] If you are using an AI coding agent, Firebase Agent Skills make it an expert at Firebase.
[debug] [2026-06-02T14:40:48.153Z] <<< [apiv2][status] GET https://storage.googleapis.com/firebase-preview-drop/emulator/ui-v1.15.0.zip 200
[debug] [2026-06-02T14:40:48.154Z] <<< [apiv2][body] GET https://storage.googleapis.com/firebase-preview-drop/emulator/ui-v1.15.0.zip [stream]
[debug] [2026-06-02T14:40:48.532Z] Data is 3538469
[debug] [2026-06-02T14:40:48.534Z] [unzip] Entry: client/ (compressed_size=0 bytes, uncompressed_size=0 bytes)
[debug] [2026-06-02T14:40:48.535Z] [unzip] Processing entry: client\
[debug] [2026-06-02T14:40:48.535Z] [unzip] mkdir: C:\Users\Justin\.cache\firebase\emulators\ui-v1.15.0\client\
[debug] [2026-06-02T14:40:48.539Z] [unzip] Entry: client/favicon-16x16.png (compressed_size=293 bytes, uncompressed_size=293 bytes)
[debug] [2026-06-02T14:40:48.539Z] [unzip] Processing entry: client\favicon-16x16.png
[debug] [2026-06-02T14:40:48.539Z] [unzip] else mkdir: C:\Users\Justin\.cache\firebase\emulators\ui-v1.15.0\client
[debug] [2026-06-02T14:40:48.540Z] [unzip] Writing file: C:\Users\Justin\.cache\firebase\emulators\ui-v1.15.0\client\favicon-16x16.png
[debug] [2026-06-02T14:40:48.545Z] [unzip] Entry: client/safari-pinned-tab.svg (compressed_size=1433 bytes, uncompressed_size=2611 bytes)
[debug] [2026-06-02T14:40:48.546Z] [unzip] Processing entry: client\safari-pinned-tab.svg
[debug] [2026-06-02T14:40:48.546Z] [unzip] else mkdir: C:\Users\Justin\.cache\firebase\emulators\ui-v1.15.0\client
[debug] [2026-06-02T14:40:48.547Z] [unzip] deflating: C:\Users\Justin\.cache\firebase\emulators\ui-v1.15.0\client\safari-pinned-tab.svg
[debug] [2026-06-02T14:40:48.572Z] [unzip] Entry: client/favicon.ico (compressed_size=2933 bytes, uncompressed_size=13294 bytes)
[debug] [2026-06-02T14:40:48.572Z] [unzip] Processing entry: client\favicon.ico
[debug] [2026-06-02T14:40:48.573Z] [unzip] else mkdir: C:\Users\Justin\.cache\firebase\emulators\ui-v1.15.0\client
[debug] [2026-06-02T14:40:48.573Z] [unzip] deflating: C:\Users\Justin\.cache\firebase\emulators\ui-v1.15.0\client\favicon.ico
[debug] [2026-06-02T14:40:48.578Z] [unzip] Entry: client/index.html (compressed_size=1364 bytes, uncompressed_size=3071 bytes)
[debug] [2026-06-02T14:40:48.579Z] [unzip] Processing entry: client\index.html
[debug] [2026-06-02T14:40:48.579Z] [unzip] else mkdir: C:\Users\Justin\.cache\firebase\emulators\ui-v1.15.0\client
[debug] [2026-06-02T14:40:48.579Z] [unzip] deflating: C:\Users\Justin\.cache\firebase\emulators\ui-v1.15.0\client\index.html
[debug] [2026-06-02T14:40:48.583Z] [unzip] Entry: client/android-chrome-192x192.png (compressed_size=2684 bytes, uncompressed_size=2684 bytes)
[debug] [2026-06-02T14:40:48.583Z] [unzip] Processing entry: client\android-chrome-192x192.png
[debug] [2026-06-02T14:40:48.583Z] [unzip] else mkdir: C:\Users\Justin\.cache\firebase\emulators\ui-v1.15.0\client
[debug] [2026-06-02T14:40:48.584Z] [unzip] Writing file: C:\Users\Justin\.cache\firebase\emulators\ui-v1.15.0\client\android-chrome-192x192.png
[debug] [2026-06-02T14:40:48.587Z] [unzip] Entry: client/apple-touch-icon.png (compressed_size=2123 bytes, uncompressed_size=2152 bytes)
[debug] [2026-06-02T14:40:48.587Z] [unzip] Processing entry: client\apple-touch-icon.png
[debug] [2026-06-02T14:40:48.587Z] [unzip] else mkdir: C:\Users\Justin\.cache\firebase\emulators\ui-v1.15.0\client
[debug] [2026-06-02T14:40:48.588Z] [unzip] deflating: C:\Users\Justin\.cache\firebase\emulators\ui-v1.15.0\client\apple-touch-icon.png
[debug] [2026-06-02T14:40:48.590Z] [unzip] Entry: client/android-chrome-512x512.png (compressed_size=5369 bytes, uncompressed_size=5411 bytes)
[debug] [2026-06-02T14:40:48.591Z] [unzip] Processing entry: client\android-chrome-512x512.png
[debug] [2026-06-02T14:40:48.591Z] [unzip] else mkdir: C:\Users\Justin\.cache\firebase\emulators\ui-v1.15.0\client
[debug] [2026-06-02T14:40:48.591Z] [unzip] deflating: C:\Users\Justin\.cache\firebase\emulators\ui-v1.15.0\client\android-chrome-512x512.png
[debug] [2026-06-02T14:40:48.594Z] [unzip] Entry: client/manifest.json (compressed_size=245 bytes, uncompressed_size=551 bytes)
[debug] [2026-06-02T14:40:48.594Z] [unzip] Processing entry: client\manifest.json
[debug] [2026-06-02T14:40:48.594Z] [unzip] else mkdir: C:\Users\Justin\.cache\firebase\emulators\ui-v1.15.0\client
[debug] [2026-06-02T14:40:48.595Z] [unzip] deflating: C:\Users\Justin\.cache\firebase\emulators\ui-v1.15.0\client\manifest.json
[debug] [2026-06-02T14:40:48.598Z] [unzip] Entry: client/robots.txt (compressed_size=26 bytes, uncompressed_size=26 bytes)
[debug] [2026-06-02T14:40:48.598Z] [unzip] Processing entry: client\robots.txt
[debug] [2026-06-02T14:40:48.598Z] [unzip] else mkdir: C:\Users\Justin\.cache\firebase\emulators\ui-v1.15.0\client
[debug] [2026-06-02T14:40:48.599Z] [unzip] Writing file: C:\Users\Justin\.cache\firebase\emulators\ui-v1.15.0\client\robots.txt
[debug] [2026-06-02T14:40:48.601Z] [unzip] Entry: client/mstile-150x150.png (compressed_size=2034 bytes, uncompressed_size=2034 bytes)
[debug] [2026-06-02T14:40:48.601Z] [unzip] Processing entry: client\mstile-150x150.png
[debug] [2026-06-02T14:40:48.602Z] [unzip] else mkdir: C:\Users\Justin\.cache\firebase\emulators\ui-v1.15.0\client
[debug] [2026-06-02T14:40:48.602Z] [unzip] Writing file: C:\Users\Justin\.cache\firebase\emulators\ui-v1.15.0\client\mstile-150x150.png
[debug] [2026-06-02T14:40:48.605Z] [unzip] Entry: client/assets/ (compressed_size=0 bytes, uncompressed_size=0 bytes)
[debug] [2026-06-02T14:40:48.605Z] [unzip] Processing entry: client\assets\
[debug] [2026-06-02T14:40:48.605Z] [unzip] mkdir: C:\Users\Justin\.cache\firebase\emulators\ui-v1.15.0\client\assets\
[debug] [2026-06-02T14:40:48.606Z] [unzip] Entry: client/assets/index-BX-A56oj.js (compressed_size=582089 bytes, uncompressed_size=2092775 bytes)
[debug] [2026-06-02T14:40:48.607Z] [unzip] Processing entry: client\assets\index-BX-A56oj.js
[debug] [2026-06-02T14:40:48.607Z] [unzip] else mkdir: C:\Users\Justin\.cache\firebase\emulators\ui-v1.15.0\client\assets
[debug] [2026-06-02T14:40:48.607Z] [unzip] deflating: C:\Users\Justin\.cache\firebase\emulators\ui-v1.15.0\client\assets\index-BX-A56oj.js
[debug] [2026-06-02T14:40:48.642Z] [unzip] Entry: client/assets/index-CjB9C900.css (compressed_size=35979 bytes, uncompressed_size=298654 bytes)
[debug] [2026-06-02T14:40:48.642Z] [unzip] Processing entry: client\assets\index-CjB9C900.css
[debug] [2026-06-02T14:40:48.642Z] [unzip] else mkdir: C:\Users\Justin\.cache\firebase\emulators\ui-v1.15.0\client\assets
[debug] [2026-06-02T14:40:48.643Z] [unzip] deflating: C:\Users\Justin\.cache\firebase\emulators\ui-v1.15.0\client\assets\index-CjB9C900.css
[debug] [2026-06-02T14:40:48.652Z] [unzip] Entry: client/assets/index-BX-A56oj.js.map (compressed_size=2362482 bytes, uncompressed_size=10036679 bytes)
[debug] [2026-06-02T14:40:48.652Z] [unzip] Processing entry: client\assets\index-BX-A56oj.js.map
[debug] [2026-06-02T14:40:48.652Z] [unzip] else mkdir: C:\Users\Justin\.cache\firebase\emulators\ui-v1.15.0\client\assets
[debug] [2026-06-02T14:40:48.654Z] [unzip] deflating: C:\Users\Justin\.cache\firebase\emulators\ui-v1.15.0\client\assets\index-BX-A56oj.js.map
[debug] [2026-06-02T14:40:48.820Z] [unzip] Entry: client/assets/extensions/ (compressed_size=0 bytes, uncompressed_size=0 bytes)
[debug] [2026-06-02T14:40:48.822Z] [unzip] Processing entry: client\assets\extensions\
[debug] [2026-06-02T14:40:48.822Z] [unzip] mkdir: C:\Users\Justin\.cache\firebase\emulators\ui-v1.15.0\client\assets\extensions\
[debug] [2026-06-02T14:40:48.823Z] [unzip] Entry: client/assets/extensions/default-extension.png (compressed_size=1646 bytes, uncompressed_size=1657 bytes)
[debug] [2026-06-02T14:40:48.824Z] [unzip] Processing entry: client\assets\extensions\default-extension.png
[debug] [2026-06-02T14:40:48.824Z] [unzip] else mkdir: C:\Users\Justin\.cache\firebase\emulators\ui-v1.15.0\client\assets\extensions
[debug] [2026-06-02T14:40:48.825Z] [unzip] deflating: C:\Users\Justin\.cache\firebase\emulators\ui-v1.15.0\client\assets\extensions\default-extension.png
[debug] [2026-06-02T14:40:48.828Z] [unzip] Entry: client/assets/img/ (compressed_size=0 bytes, uncompressed_size=0 bytes)
[debug] [2026-06-02T14:40:48.829Z] [unzip] Processing entry: client\assets\img\
[debug] [2026-06-02T14:40:48.829Z] [unzip] mkdir: C:\Users\Justin\.cache\firebase\emulators\ui-v1.15.0\client\assets\img\
[debug] [2026-06-02T14:40:48.830Z] [unzip] Entry: client/assets/img/database.png (compressed_size=29449 bytes, uncompressed_size=29988 bytes)
[debug] [2026-06-02T14:40:48.830Z] [unzip] Processing entry: client\assets\img\database.png
[debug] [2026-06-02T14:40:48.830Z] [unzip] else mkdir: C:\Users\Justin\.cache\firebase\emulators\ui-v1.15.0\client\assets\img
[debug] [2026-06-02T14:40:48.831Z] [unzip] deflating: C:\Users\Justin\.cache\firebase\emulators\ui-v1.15.0\client\assets\img\database.png
[debug] [2026-06-02T14:40:48.834Z] [unzip] Entry: client/assets/provider-icons/ (compressed_size=0 bytes, uncompressed_size=0 bytes)
[debug] [2026-06-02T14:40:48.834Z] [unzip] Processing entry: client\assets\provider-icons\
[debug] [2026-06-02T14:40:48.834Z] [unzip] mkdir: C:\Users\Justin\.cache\firebase\emulators\ui-v1.15.0\client\assets\provider-icons\
[debug] [2026-06-02T14:40:48.835Z] [unzip] Entry: client/assets/provider-icons/auth_service_saml.svg (compressed_size=575 bytes, uncompressed_size=1226 bytes)
[debug] [2026-06-02T14:40:48.836Z] [unzip] Processing entry: client\assets\provider-icons\auth_service_saml.svg
[debug] [2026-06-02T14:40:48.836Z] [unzip] else mkdir: C:\Users\Justin\.cache\firebase\emulators\ui-v1.15.0\client\assets\provider-icons
[debug] [2026-06-02T14:40:48.836Z] [unzip] deflating: C:\Users\Justin\.cache\firebase\emulators\ui-v1.15.0\client\assets\provider-icons\auth_service_saml.svg
[debug] [2026-06-02T14:40:48.839Z] [unzip] Entry: client/assets/provider-icons/auth_service_phone.svg (compressed_size=261 bytes, uncompressed_size=414 bytes)
[debug] [2026-06-02T14:40:48.839Z] [unzip] Processing entry: client\assets\provider-icons\auth_service_phone.svg
[debug] [2026-06-02T14:40:48.839Z] [unzip] else mkdir: C:\Users\Justin\.cache\firebase\emulators\ui-v1.15.0\client\assets\provider-icons
[debug] [2026-06-02T14:40:48.840Z] [unzip] deflating: C:\Users\Justin\.cache\firebase\emulators\ui-v1.15.0\client\assets\provider-icons\auth_service_phone.svg
[debug] [2026-06-02T14:40:48.842Z] [unzip] Entry: client/assets/provider-icons/auth_service_facebook.svg (compressed_size=289 bytes, uncompressed_size=457 bytes)
[debug] [2026-06-02T14:40:48.842Z] [unzip] Processing entry: client\assets\provider-icons\auth_service_facebook.svg
[debug] [2026-06-02T14:40:48.843Z] [unzip] else mkdir: C:\Users\Justin\.cache\firebase\emulators\ui-v1.15.0\client\assets\provider-icons
[debug] [2026-06-02T14:40:48.844Z] [unzip] deflating: C:\Users\Justin\.cache\firebase\emulators\ui-v1.15.0\client\assets\provider-icons\auth_service_facebook.svg
[debug] [2026-06-02T14:40:48.846Z] [unzip] Entry: client/assets/provider-icons/auth_service_game_center.svg (compressed_size=991 bytes, uncompressed_size=3921 bytes)
[debug] [2026-06-02T14:40:48.847Z] [unzip] Processing entry: client\assets\provider-icons\auth_service_game_center.svg
[debug] [2026-06-02T14:40:48.847Z] [unzip] else mkdir: C:\Users\Justin\.cache\firebase\emulators\ui-v1.15.0\client\assets\provider-icons
[debug] [2026-06-02T14:40:48.848Z] [unzip] deflating: C:\Users\Justin\.cache\firebase\emulators\ui-v1.15.0\client\assets\provider-icons\auth_service_game_center.svg
[debug] [2026-06-02T14:40:48.851Z] [unzip] Entry: client/assets/provider-icons/auth_service_apple.svg (compressed_size=230 bytes, uncompressed_size=334 bytes)
[debug] [2026-06-02T14:40:48.851Z] [unzip] Processing entry: client\assets\provider-icons\auth_service_apple.svg
[debug] [2026-06-02T14:40:48.851Z] [unzip] else mkdir: C:\Users\Justin\.cache\firebase\emulators\ui-v1.15.0\client\assets\provider-icons
[debug] [2026-06-02T14:40:48.852Z] [unzip] deflating: C:\Users\Justin\.cache\firebase\emulators\ui-v1.15.0\client\assets\provider-icons\auth_service_apple.svg
[debug] [2026-06-02T14:40:48.854Z] [unzip] Entry: client/assets/provider-icons/auth_service_github.svg (compressed_size=466 bytes, uncompressed_size=838 bytes)
[debug] [2026-06-02T14:40:48.855Z] [unzip] Processing entry: client\assets\provider-icons\auth_service_github.svg
[debug] [2026-06-02T14:40:48.855Z] [unzip] else mkdir: C:\Users\Justin\.cache\firebase\emulators\ui-v1.15.0\client\assets\provider-icons
[debug] [2026-06-02T14:40:48.855Z] [unzip] deflating: C:\Users\Justin\.cache\firebase\emulators\ui-v1.15.0\client\assets\provider-icons\auth_service_github.svg
[debug] [2026-06-02T14:40:48.857Z] [unzip] Entry: client/assets/provider-icons/auth_service_mslive.svg (compressed_size=203 bytes, uncompressed_size=378 bytes)
[debug] [2026-06-02T14:40:48.858Z] [unzip] Processing entry: client\assets\provider-icons\auth_service_mslive.svg
[debug] [2026-06-02T14:40:48.858Z] [unzip] else mkdir: C:\Users\Justin\.cache\firebase\emulators\ui-v1.15.0\client\assets\provider-icons
[debug] [2026-06-02T14:40:48.859Z] [unzip] deflating: C:\Users\Justin\.cache\firebase\emulators\ui-v1.15.0\client\assets\provider-icons\auth_service_mslive.svg
[debug] [2026-06-02T14:40:48.861Z] [unzip] Entry: client/assets/provider-icons/auth_service_yahoo.svg (compressed_size=577 bytes, uncompressed_size=1182 bytes)
[debug] [2026-06-02T14:40:48.861Z] [unzip] Processing entry: client\assets\provider-icons\auth_service_yahoo.svg
[debug] [2026-06-02T14:40:48.861Z] [unzip] else mkdir: C:\Users\Justin\.cache\firebase\emulators\ui-v1.15.0\client\assets\provider-icons
[debug] [2026-06-02T14:40:48.862Z] [unzip] deflating: C:\Users\Justin\.cache\firebase\emulators\ui-v1.15.0\client\assets\provider-icons\auth_service_yahoo.svg
[debug] [2026-06-02T14:40:48.864Z] [unzip] Entry: client/assets/provider-icons/auth_service_twitter.svg (compressed_size=444 bytes, uncompressed_size=751 bytes)
[debug] [2026-06-02T14:40:48.864Z] [unzip] Processing entry: client\assets\provider-icons\auth_service_twitter.svg
[debug] [2026-06-02T14:40:48.865Z] [unzip] else mkdir: C:\Users\Justin\.cache\firebase\emulators\ui-v1.15.0\client\assets\provider-icons
[debug] [2026-06-02T14:40:48.865Z] [unzip] deflating: C:\Users\Justin\.cache\firebase\emulators\ui-v1.15.0\client\assets\provider-icons\auth_service_twitter.svg
[debug] [2026-06-02T14:40:48.868Z] [unzip] Entry: client/assets/provider-icons/auth_service_play_games.svg (compressed_size=565 bytes, uncompressed_size=1173 bytes)
[debug] [2026-06-02T14:40:48.868Z] [unzip] Processing entry: client\assets\provider-icons\auth_service_play_games.svg
[debug] [2026-06-02T14:40:48.868Z] [unzip] else mkdir: C:\Users\Justin\.cache\firebase\emulators\ui-v1.15.0\client\assets\provider-icons
[debug] [2026-06-02T14:40:48.869Z] [unzip] deflating: C:\Users\Justin\.cache\firebase\emulators\ui-v1.15.0\client\assets\provider-icons\auth_service_play_games.svg
[debug] [2026-06-02T14:40:48.872Z] [unzip] Entry: client/assets/provider-icons/auth_service_email.svg (compressed_size=228 bytes, uncompressed_size=326 bytes)
[debug] [2026-06-02T14:40:48.872Z] [unzip] Processing entry: client\assets\provider-icons\auth_service_email.svg
[debug] [2026-06-02T14:40:48.872Z] [unzip] else mkdir: C:\Users\Justin\.cache\firebase\emulators\ui-v1.15.0\client\assets\provider-icons
[debug] [2026-06-02T14:40:48.873Z] [unzip] deflating: C:\Users\Justin\.cache\firebase\emulators\ui-v1.15.0\client\assets\provider-icons\auth_service_email.svg
[debug] [2026-06-02T14:40:48.875Z] [unzip] Entry: client/assets/provider-icons/auth_service_google.svg (compressed_size=409 bytes, uncompressed_size=720 bytes)
[debug] [2026-06-02T14:40:48.875Z] [unzip] Processing entry: client\assets\provider-icons\auth_service_google.svg
[debug] [2026-06-02T14:40:48.875Z] [unzip] else mkdir: C:\Users\Justin\.cache\firebase\emulators\ui-v1.15.0\client\assets\provider-icons
[debug] [2026-06-02T14:40:48.876Z] [unzip] deflating: C:\Users\Justin\.cache\firebase\emulators\ui-v1.15.0\client\assets\provider-icons\auth_service_google.svg
[debug] [2026-06-02T14:40:48.878Z] [unzip] Entry: client/assets/provider-icons/auth_service_oidc.svg (compressed_size=414 bytes, uncompressed_size=858 bytes)
[debug] [2026-06-02T14:40:48.878Z] [unzip] Processing entry: client\assets\provider-icons\auth_service_oidc.svg
[debug] [2026-06-02T14:40:48.878Z] [unzip] else mkdir: C:\Users\Justin\.cache\firebase\emulators\ui-v1.15.0\client\assets\provider-icons
[debug] [2026-06-02T14:40:48.880Z] [unzip] deflating: C:\Users\Justin\.cache\firebase\emulators\ui-v1.15.0\client\assets\provider-icons\auth_service_oidc.svg
[debug] [2026-06-02T14:40:48.882Z] [unzip] Entry: client/browserconfig.xml (compressed_size=491 bytes, uncompressed_size=822 bytes)
[debug] [2026-06-02T14:40:48.883Z] [unzip] Processing entry: client\browserconfig.xml
[debug] [2026-06-02T14:40:48.883Z] [unzip] else mkdir: C:\Users\Justin\.cache\firebase\emulators\ui-v1.15.0\client
[debug] [2026-06-02T14:40:48.883Z] [unzip] deflating: C:\Users\Justin\.cache\firebase\emulators\ui-v1.15.0\client\browserconfig.xml
[debug] [2026-06-02T14:40:48.885Z] [unzip] Entry: client/favicon-32x32.png (compressed_size=475 bytes, uncompressed_size=475 bytes)
[debug] [2026-06-02T14:40:48.885Z] [unzip] Processing entry: client\favicon-32x32.png
[debug] [2026-06-02T14:40:48.885Z] [unzip] else mkdir: C:\Users\Justin\.cache\firebase\emulators\ui-v1.15.0\client
[debug] [2026-06-02T14:40:48.885Z] [unzip] Writing file: C:\Users\Justin\.cache\firebase\emulators\ui-v1.15.0\client\favicon-32x32.png
[debug] [2026-06-02T14:40:48.887Z] [unzip] Entry: server/ (compressed_size=0 bytes, uncompressed_size=0 bytes)
[debug] [2026-06-02T14:40:48.887Z] [unzip] Processing entry: server\
[debug] [2026-06-02T14:40:48.887Z] [unzip] mkdir: C:\Users\Justin\.cache\firebase\emulators\ui-v1.15.0\server\
[debug] [2026-06-02T14:40:48.888Z] [unzip] Entry: server/server.mjs.map (compressed_size=217845 bytes, uncompressed_size=944978 bytes)
[debug] [2026-06-02T14:40:48.888Z] [unzip] Processing entry: server\server.mjs.map
[debug] [2026-06-02T14:40:48.888Z] [unzip] else mkdir: C:\Users\Justin\.cache\firebase\emulators\ui-v1.15.0\server
[debug] [2026-06-02T14:40:48.889Z] [unzip] deflating: C:\Users\Justin\.cache\firebase\emulators\ui-v1.15.0\server\server.mjs.map
[debug] [2026-06-02T14:40:48.902Z] [unzip] Entry: server/server.mjs (compressed_size=276407 bytes, uncompressed_size=933701 bytes)
[debug] [2026-06-02T14:40:48.902Z] [unzip] Processing entry: server\server.mjs
[debug] [2026-06-02T14:40:48.902Z] [unzip] else mkdir: C:\Users\Justin\.cache\firebase\emulators\ui-v1.15.0\server
[debug] [2026-06-02T14:40:48.903Z] [unzip] deflating: C:\Users\Justin\.cache\firebase\emulators\ui-v1.15.0\server\server.mjs
